

Hard link summary:


FILE: tests/rsrc/test_tree/file2
LINK: tests/rsrc/test_tree/file2.lnk

FILE: tests/rsrc/test_tree/file1
LINK: tests/rsrc/test_tree/file1.lnk


List of files with duplicate contents (includes hard links)

FILE: tests/rsrc/test_tree/file2
DUP:  tests/rsrc/test_tree/file2.lnk

FILE: tests/rsrc/test_tree/file1
DUP:  tests/rsrc/test_tree/file1.dup
DUP:  tests/rsrc/test_tree/file1.lnk
